run 1/3 config plain
run 1/3 config plain_gpu20
run 1/3 config dflash2_n5
run 1/3 config dflash2_n7
run 2/3 config dflash2_n7
run 2/3 config dflash2_n5
run 2/3 config plain_gpu20
run 2/3 config plain
run 3/3 config plain
run 3/3 config plain
run 3/3 config plain_gpu20
run 3/3 config dflash2_n5
run 3/3 config dflash2_n7

== summary: geometric-mean decode speedup vs plain
config                            edit        qa     write     all  decode s
plain                             1.00      1.00      1.00    1.00      91.9
plain_gpu20                       1.07      1.07      1.01    1.06      86.3
dflash2_n5                        1.52      0.99      1.04    1.24      74.9
dflash2_n7                        1.71      0.85      0.83    1.19      81.7
plain: 0/12 outputs differ from plain
plain_gpu20: 6/12 outputs differ from plain
dflash2_n5: 6/12 outputs differ from plain
dflash2_n7: 6/12 outputs differ from plain
