run 1/3 config native_plain
run 1/3 config stock_plain
run 1/3 config native_lookup8
run 1/3 config native_lookup16
run 1/3 config native_lookup32
run 2/3 config native_lookup32
run 2/3 config native_lookup16
run 2/3 config native_lookup8
run 2/3 config stock_plain
run 2/3 config native_plain
run 3/3 config native_plain
run 3/3 config stock_plain
run 3/3 config native_lookup8
run 3/3 config native_lookup16
run 3/3 config native_lookup32

== summary: geometric-mean decode speedup vs native_plain
config                           agent      edit        qa transform     write     all  decode s
native_plain                      1.00      1.00      1.00      1.00      1.00    1.00      16.1
stock_plain                       1.01      1.00      0.99      0.99      0.98    0.99      16.3
native_lookup8                    1.27      1.58      0.95      0.96      0.97    1.15      14.2
native_lookup16                   1.09      1.55      0.94      0.92      0.94    1.09      14.9
native_lookup32                   0.85      1.53      0.83      0.84      0.92    1.00      16.0
native_plain: 0/60 outputs differ from native_plain
stock_plain: 30/60 outputs differ from native_plain
native_lookup8: 0/60 outputs differ from native_plain
native_lookup16: 0/60 outputs differ from native_plain
native_lookup32: 0/60 outputs differ from native_plain
