run 1/3 config reviewed_plain
run 1/3 config old_exact
run 1/3 config reviewed_dflash7
run 1/3 config reviewed_dflash15
run 1/3 config reviewed_lookup16
run 2/3 config reviewed_lookup16
run 2/3 config reviewed_dflash15
run 2/3 config reviewed_dflash7
run 2/3 config old_exact
run 2/3 config reviewed_plain
run 3/3 config reviewed_plain
run 3/3 config old_exact
run 3/3 config reviewed_dflash7
run 3/3 config reviewed_dflash15
run 3/3 config reviewed_lookup16

== summary: geometric-mean decode speedup vs reviewed_plain
config                           agent      edit        qa transform     write     all  decode s
reviewed_plain                    1.00      1.00      1.00      1.00      1.00    1.00      34.8
old_exact                         0.89      0.89      0.90      0.91      0.90    0.90      38.5
reviewed_dflash7                  2.13      2.82      1.26      2.47      1.54    2.13      17.5
reviewed_dflash15                 1.32      2.37      0.73      2.10      0.94    1.53      25.6
reviewed_lookup16                 1.00      1.41      0.88      0.85      0.89    1.01      36.2
reviewed_plain: 0/60 outputs differ from reviewed_plain
old_exact: 0/60 outputs differ from reviewed_plain
reviewed_dflash7: 0/60 outputs differ from reviewed_plain
reviewed_dflash15: 0/60 outputs differ from reviewed_plain
reviewed_lookup16: 0/60 outputs differ from reviewed_plain
